stm32f4xx_it.c:82:6:NMI_Handler	4	static
stm32f4xx_it.c:95:6:HardFault_Handler	4	static
stm32f4xx_it.c:110:6:MemManage_Handler	4	static
stm32f4xx_it.c:125:6:BusFault_Handler	4	static
stm32f4xx_it.c:140:6:UsageFault_Handler	4	static
stm32f4xx_it.c:155:6:SVC_Handler	4	static
stm32f4xx_it.c:168:6:DebugMon_Handler	4	static
stm32f4xx_it.c:181:6:PendSV_Handler	4	static
stm32f4xx_it.c:194:6:SysTick_Handler	8	static
stm32f4xx_it.c:215:6:DMA1_Stream0_IRQHandler	8	static
stm32f4xx_it.c:229:6:DMA1_Stream2_IRQHandler	8	static
stm32f4xx_it.c:242:6:DMA1_Stream4_IRQHandler	8	static
stm32f4xx_it.c:255:6:TIM3_IRQHandler	8	static
stm32f4xx_it.c:269:6:DMA1_Stream7_IRQHandler	8	static
stm32f4xx_it.c:289:6:UART4_IRQHandler	16	static
stm32f4xx_it.c:306:6:UART5_IRQHandler	16	static
stm32f4xx_it.c:325:6:HAL_UART_TxCpltCallback	16	static
stm32f4xx_it.c:337:6:HAL_UART_RxCpltCallback	16	static
stm32f4xx_it.c:350:6:HAL_TIM_PeriodElapsedCallback	16	static
